{"type":"server-started","port":57349,"host":"127.0.0.1","url_host":"localhost","url":"http://localhost:57349","screen_dir":"/Users/a1-6/QoderCN/family/.superpowers/brainstorm/25499-1784296820/content","state_dir":"/Users/a1-6/QoderCN/family/.superpowers/brainstorm/25499-1784296820/state"}
{"type":"screen-added","file":"/Users/a1-6/QoderCN/family/.superpowers/brainstorm/25499-1784296820/content/visual-style.html"}
{"type":"screen-added","file":"/Users/a1-6/QoderCN/family/.superpowers/brainstorm/25499-1784296820/content/polygamy-layout.html"}
{"type":"screen-added","file":"/Users/a1-6/QoderCN/family/.superpowers/brainstorm/25499-1784296820/content/polygamy-v2.html"}
{"type":"screen-added","file":"/Users/a1-6/QoderCN/family/.superpowers/brainstorm/25499-1784296820/content/full-four-gen.html"}
{"type":"screen-updated","file":"/Users/a1-6/QoderCN/family/.superpowers/brainstorm/25499-1784296820/content/full-four-gen.html"}
{"type":"screen-updated","file":"/Users/a1-6/QoderCN/family/.superpowers/brainstorm/25499-1784296820/content/polygamy-layout.html"}
{"type":"screen-updated","file":"/Users/a1-6/QoderCN/family/.superpowers/brainstorm/25499-1784296820/content/polygamy-v2.html"}
{"type":"screen-updated","file":"/Users/a1-6/QoderCN/family/.superpowers/brainstorm/25499-1784296820/content/full-four-gen.html"}
{"type":"screen-added","file":"/Users/a1-6/QoderCN/family/.superpowers/brainstorm/25499-1784296820/content/layout-rules.html"}
{"type":"screen-updated","file":"/Users/a1-6/QoderCN/family/.superpowers/brainstorm/25499-1784296820/content/layout-rules.html"}
{"type":"screen-added","file":"/Users/a1-6/QoderCN/family/.superpowers/brainstorm/25499-1784296820/content/siblings-layout.html"}
{"type":"screen-added","file":"/Users/a1-6/QoderCN/family/.superpowers/brainstorm/25499-1784296820/content/full-tree-final.html"}
{"type":"screen-added","file":"/Users/a1-6/QoderCN/family/.superpowers/brainstorm/25499-1784296820/content/fixed-tree.html"}
{"type":"screen-added","file":"/Users/a1-6/QoderCN/family/.superpowers/brainstorm/25499-1784296820/content/optimized-tree.html"}
{"type":"screen-updated","file":"/Users/a1-6/QoderCN/family/.superpowers/brainstorm/25499-1784296820/content/siblings-layout.html"}
{"type":"screen-updated","file":"/Users/a1-6/QoderCN/family/.superpowers/brainstorm/25499-1784296820/content/full-tree-final.html"}
{"type":"screen-updated","file":"/Users/a1-6/QoderCN/family/.superpowers/brainstorm/25499-1784296820/content/fixed-tree.html"}
{"type":"screen-updated","file":"/Users/a1-6/QoderCN/family/.superpowers/brainstorm/25499-1784296820/content/optimized-tree.html"}
{"type":"screen-added","file":"/Users/a1-6/QoderCN/family/.superpowers/brainstorm/25499-1784296820/content/final-tree.html"}
{"type":"screen-updated","file":"/Users/a1-6/QoderCN/family/.superpowers/brainstorm/25499-1784296820/content/final-tree.html"}
{"type":"screen-added","file":"/Users/a1-6/QoderCN/family/.superpowers/brainstorm/25499-1784296820/content/ultimate-tree.html"}
{"type":"screen-added","file":"/Users/a1-6/QoderCN/family/.superpowers/brainstorm/25499-1784296820/content/verified-tree.html"}
{"type":"screen-added","file":"/Users/a1-6/QoderCN/family/.superpowers/brainstorm/25499-1784296820/content/clean-tree.html"}
{"type":"screen-updated","file":"/Users/a1-6/QoderCN/family/.superpowers/brainstorm/25499-1784296820/content/clean-tree.html"}
{"type":"screen-updated","file":"/Users/a1-6/QoderCN/family/.superpowers/brainstorm/25499-1784296820/content/clean-tree.html"}
{"type":"screen-updated","file":"/Users/a1-6/QoderCN/family/.superpowers/brainstorm/25499-1784296820/content/clean-tree.html"}
{"type":"screen-updated","file":"/Users/a1-6/QoderCN/family/.superpowers/brainstorm/25499-1784296820/content/clean-tree.html"}
{"type":"screen-updated","file":"/Users/a1-6/QoderCN/family/.superpowers/brainstorm/25499-1784296820/content/clean-tree.html"}
{"type":"screen-updated","file":"/Users/a1-6/QoderCN/family/.superpowers/brainstorm/25499-1784296820/content/clean-tree.html"}
{"type":"screen-updated","file":"/Users/a1-6/QoderCN/family/.superpowers/brainstorm/25499-1784296820/content/ultimate-tree.html"}
{"type":"screen-updated","file":"/Users/a1-6/QoderCN/family/.superpowers/brainstorm/25499-1784296820/content/verified-tree.html"}
{"type":"screen-updated","file":"/Users/a1-6/QoderCN/family/.superpowers/brainstorm/25499-1784296820/content/clean-tree.html"}
{"type":"screen-updated","file":"/Users/a1-6/QoderCN/family/.superpowers/brainstorm/25499-1784296820/content/clean-tree.html"}
{"type":"screen-updated","file":"/Users/a1-6/QoderCN/family/.superpowers/brainstorm/25499-1784296820/content/clean-tree.html"}
{"type":"screen-updated","file":"/Users/a1-6/QoderCN/family/.superpowers/brainstorm/25499-1784296820/content/clean-tree.html"}
{"type":"screen-updated","file":"/Users/a1-6/QoderCN/family/.superpowers/brainstorm/25499-1784296820/content/clean-tree.html"}
{"type":"screen-updated","file":"/Users/a1-6/QoderCN/family/.superpowers/brainstorm/25499-1784296820/content/clean-tree.html"}
{"type":"screen-updated","file":"/Users/a1-6/QoderCN/family/.superpowers/brainstorm/25499-1784296820/content/clean-tree.html"}
{"type":"screen-updated","file":"/Users/a1-6/QoderCN/family/.superpowers/brainstorm/25499-1784296820/content/clean-tree.html"}
{"type":"screen-updated","file":"/Users/a1-6/QoderCN/family/.superpowers/brainstorm/25499-1784296820/content/clean-tree.html"}
{"type":"screen-updated","file":"/Users/a1-6/QoderCN/family/.superpowers/brainstorm/25499-1784296820/content/clean-tree.html"}
{"type":"screen-updated","file":"/Users/a1-6/QoderCN/family/.superpowers/brainstorm/25499-1784296820/content/clean-tree.html"}
{"type":"screen-updated","file":"/Users/a1-6/QoderCN/family/.superpowers/brainstorm/25499-1784296820/content/clean-tree.html"}
{"type":"screen-updated","file":"/Users/a1-6/QoderCN/family/.superpowers/brainstorm/25499-1784296820/content/clean-tree.html"}
{"type":"screen-updated","file":"/Users/a1-6/QoderCN/family/.superpowers/brainstorm/25499-1784296820/content/clean-tree.html"}
{"type":"screen-updated","file":"/Users/a1-6/QoderCN/family/.superpowers/brainstorm/25499-1784296820/content/clean-tree.html"}
{"type":"screen-updated","file":"/Users/a1-6/QoderCN/family/.superpowers/brainstorm/25499-1784296820/content/clean-tree.html"}
{"type":"screen-updated","file":"/Users/a1-6/QoderCN/family/.superpowers/brainstorm/25499-1784296820/content/clean-tree.html"}
{"type":"server-stopped","reason":"idle timeout"}
